---
source: crates/testing/src/autodiscover.rs
input_file: examples/calc/generated_bindings/Python
---
[
    "generated_bindings/Python/MANIFEST.in",
    "generated_bindings/Python/calc/__init__.py",
    "generated_bindings/Python/calc/bindings/__init__.py",
    "generated_bindings/Python/calc/bindings/calc/__init__.py",
    "generated_bindings/Python/calc/bindings/calc/bindings.py",
    "generated_bindings/Python/calc/py.typed",
    "generated_bindings/Python/pyproject.toml",
]
