---
source: crates/testing/src/autodiscover.rs
input_file: examples/calc/generated_bindings/Python/calc/bindings/calc/__init__.py
---
from .bindings import *
