---
source: crates/testing/src/autodiscover.rs
input_file: examples/hello-wasi/generated_bindings/JavaScript/package/src/bindings/hello-wasi/intrinsics.js
---

module.exports = {  };

