---
source: crates/wasmer-pack/src/js/mod.rs
expression: "files[\"package/src/index.d.ts\"].utf8_contents().unwrap()"
---
// Generated by XXX.
// @ts-ignore
import { Wasi } from "@wasmer/wasi";
import Bindings from "./bindings";

export const bindings: Bindings;
export type RunOptions = {
    /** An initialized `@wasmer/wasi` object. */
    wasi: Wasi,
    /**
     * A user-specified WebAssembly module to use instead of the one bundled
     * with this package.
     */
    imports: Record<string, WebAssembly.ModuleImports>,
    /**
     * A user-specified WebAssembly module to use instead of the one bundled
     * with this package.
     */
    module: WebAssembly.Module,
};

export type ExitStatus = {
    code: number,
};

export const commands: {
    first: (options?: Partial<RunOptions>) => Promise<ExitStatus>,
    second_with_dashes: (options?: Partial<RunOptions>) => Promise<ExitStatus>,
};

