---
source: crates/wit-pack/src/js/mod.rs
expression: "files[\"package/src/commands/second-with-dashes.d.ts\"].utf8_contents().unwrap()"
---
import type { ExitStatus, RunOptions } from "../index";

export default function(options?: Partial<RunOptions>): Promise<ExitStatus>;
