---
source: crates/wasmer-pack/src/js/mod.rs
expression: "files[\"package/src/index.js\"].utf8_contents().unwrap()"
---
// Generated by XXX.
const { load: first } = require("./commands/first.js");
const { load: second_with_dashes } = require("./commands/second-with-dashes.js");
const { Bindings } = require("./bindings/index.js");
exports.bindings = new Bindings();
exports.commands = {
    first,
    second_with_dashes,
};
