---
source: crates/wasmer-pack/src/js/mod.rs
expression: "files[\"package/src/commands/first.d.ts\"].utf8_contents().unwrap()"
---
import type { ExitStatus, RunOptions } from "../index";

export function load(options?: Partial<RunOptions>): Promise<ExitStatus>;
