---
source: crates/testing/src/autodiscover.rs
input_file: examples/hello-wasi/generated_bindings/Python/MANIFEST.in
---
include hello_wasi/py.typed
include hello_wasi/bindings/hello_wasi/*.wasm
