---
source: crates/wasmer-pack/src/py/mod.rs
expression: "files[\"wasmer_pack/py.typed\"].utf8_contents().unwrap()"
---

