---
source: crates/wit-pack/src/js/mod.rs
expression: "files[\"package.json\"].utf8_contents().unwrap()"
---
{
  "dependencies": {},
  "main": "src/index.js",
  "name": "@wasmer/wit-pack",
  "type": "module",
  "types": "src/index.d.ts",
  "version": "1.2.3"
}
