---
source: crates/wit-pack/src/js/mod.rs
expression: "files[\"src/index.js\"].utf8_contents().unwrap()"
---
// Generated by wit-pack v0.4.0.
import first from "./commands/first.js";
import second_with_dashes from "./commands/second-with-dashes.js";
import Bindings from "./bindings/index.js";
export const bindings = new Bindings();
export const commands = {
    first,
    second_with_dashes,
};
