---
source: crates/wit-pack/src/js/mod.rs
expression: "files[\"src/wit-pack/index.d.ts\"].utf8_contents().unwrap()"
---
import { WitPack } from "./wit-pack";

/**
 * Options used when initializing the bindings.
 */
export type LoadOptions = {
    imports: Record<string, WebAssembly.ModuleImports>,
};

/**
 * Load the WebAssembly module.
 */
export default async function(options?: Partial<LoadOptions>): Promise<WitPack>;
