---
source: crates/wit-pack/src/js/mod.rs
expression: "files[\"src/bindings/index.d.ts\"].utf8_contents().unwrap()"
---
// @ts-ignore
import { WitPack } from "./wit-pack/wit-pack";

/**
 * Options used when initializing the bindings.
 */
export type LoadOptions = {
    /** Additional imports to be provided to the WebAssembly module */
    imports: WebAssembly.Imports,
    /**
     * A user-specified WebAssembly module to use instead of the one bundled
     * with this package.
     */
    module: WebAssembly.Module,
};

export default class Bindings {
    wit_pack(options?: Partial<LoadOptions>): Promise<WitPack>;
}
