---
source: crates/wit-pack/src/js/mod.rs
expression: "files[\"src/index.d.ts\"].utf8_contents().unwrap()"
---
export default function(): Promise<unknown>;
