---
source: crates/testing/src/autodiscover.rs
input_file: examples/host-imports/generated_bindings/Python
---

