---
source: crates/testing/src/autodiscover.rs
input_file: examples/host-imports/generated_bindings/Python/MANIFEST.in
---
include host_imports/py.typed
include host_imports/bindings/host_imports/*.wasm
